ALL TESTS COMPLETED!
